<<<<<<< HEAD
sdasdi

asdasd

123123
=======
sdasd
>>>>>>> parent of fc5ea05 (revert example 2)
